// Jest Snapshot v1, https://goo.gl/fbAQLP

exports[`GovSwitch render correctly 1`] = `<div class="gov-form-control gov-form-control--custom"><input type="checkbox" true-value="true" class="gov-form-control__toggle" value="false"> <label class="gov-form-control__label">Control label</label> <span class="gov-form-control__indicator"></span></div>`;
