// Jest Snapshot v1, https://goo.gl/fbAQLP

exports[`AccordionItem default render correctly 1`] = `
<div><button id="" aria-expanded="true" class="gov-accordion__header is-expanded">
        <h3>

        </h3>
    </button>
    <div aria-labelledby="" tabindex="-1" class="gov-accordion__content is-expanded">
        <div class="gov-accordion__content-inner"></div>
    </div>
</div>
`;
