// Jest Snapshot v1, https://goo.gl/fbAQLP

exports[`GovRadio render correctly 1`] = `<li class="gov-form-group__item"><input type="radio" class="gov-form-control__radio" value="false" id="radio_abc"> <label class="gov-form-control__label" for="radio_abc"></label> <span class="gov-form-control__indicator"></span></li>`;
