// Jest Snapshot v1, https://goo.gl/fbAQLP

exports[`BTableMobileSort render correctly 1`] = `
<div class="field table-mobile-sort">
    <div class="field has-addons">
        <gov-select-stub expanded="true" usehtml5validation="true" statusicon="true">
            <!---->
        </gov-select-stub>
        <div class="control"><button class="button is-primary">
                <gov-icon-stub icon="arrow-up" size="is-small" both="true" class="is-desc"></gov-icon-stub>
            </button></div>
    </div>
</div>
`;
